// Jest Snapshot v1, https://goo.gl/fbAQLP

exports[`App renders and matches snapshot 1`] = `
<div
  className="App"
>
  <div>
    <img
      alt="SpareRoom Logo"
      src="../images/logo.pngo"
    />
  </div>
  <div>
    <form>
      <h2>
        Reserve Your Place Now
      </h2>
      <input
        id="need"
        name="RoomOption1"
        type="radio"
        value="need"
      />
      <label>
         I need a room 
        <b>
          Places available
        </b>
         
      </label>
      <br />
      <input
        id="have"
        name="RoomOption2"
        type="radio"
        value="have"
      />
      <label>
         I have a room 
        <b>
          Places available
        </b>
         
      </label>
      <br />
      <b>
        Name
      </b>
      <br />
      <input
        id="username"
        name="name"
        placeholder="Please Enter Your Name"
        type="text"
      />
      <br />
      <b>
        Email
      </b>
      <br />
      <input
        id="email"
        name="email"
        placeholder="Please Enter Your Email Address"
        type="text"
      />
      <br />
      <p>
        We won't give your email address to anyone else.
        <br />
        See our Privacy Policy for more details.
      </p>
      <button
        type="submit"
      >
        Book 
      </button>
      <p>
        All our events are in licensed venues, so bring some ID just in case you're lucky enough to be asked your age!
      </p>
    </form>
  </div>
  <div
    style={
      Object {
        "height": "30vh",
        "width": "50%",
      }
    }
  >
     
  </div>
</div>
`;
