// Jest Snapshot v1, https://goo.gl/fbAQLP

exports[`BookingForm renders and matches snapshot 1`] = `
<div>
  <form>
    <h2>
      Reserve Your Place Now
    </h2>
    <input
      id="need"
      name="need"
      type="radio"
      value="need"
    />
    <label>
       I need a room 
      <b>
        Places available
      </b>
       
    </label>
  </form>
</div>
`;
